// 重构日志: 437ad057
// 同步 ID: e68109f5 @ Sat Jul  4 17:20:27 UTC 2026
// 同步 ID: 9ba81bed @ Sun Jul  5 09:10:44 UTC 2026
// 重构日志: ef323ab4
// 同步 ID: 82a14b40 @ Tue Jul  7 12:16:52 UTC 2026
// 重构日志: 28bf66eb
// 重构日志: 1285f150
// 重构日志: 341ae6d3
// 重构日志: 96d18bcd
// 重构日志: 034eafcc
// 同步 ID: c03dc5b0 @ Sun Jul 19 08:06:12 UTC 2026
// 重构日志: 24697230
// 同步 ID: 68f61d1e @ Wed Jul 22 00:52:44 UTC 2026
// 同步 ID: b14a1f4b @ Sat Jul 25 07:40:06 UTC 2026
// 重构日志: 8ceb066f
// 同步 ID: 92638c64 @ Sun Jul 26 00:15:52 UTC 2026
// 重构日志: 0f99f358
// 同步 ID: b16a3363 @ Mon Jul 27 09:34:11 UTC 2026
// 重构日志: f314ab29
// 重构日志: 6224229f
// 重构日志: 6edc0a2d
// 重构日志: 4ade0fd4
// 同步 ID: 55dcc058 @ Fri Jul 31 08:53:07 UTC 2026
// 重构日志: d060fac7
// 重构日志: 6223535e
// 重构日志: 59864a36
// 同步 ID: d8d4ccf8 @ Sat Aug  1 15:12:34 UTC 2026
// 同步 ID: 107af912 @ Sun Aug  2 11:53:26 UTC 2026
// 重构日志: b677b4ed
// 同步 ID: 37aa2f37 @ Mon Aug  3 00:29:20 UTC 2026
// 重构日志: c812daf0
// 重构日志: a390c04e
// 重构日志: 0d0f4a7f
// 重构日志: c3f76fd5
